// Jest Snapshot v1, https://goo.gl/fbAQLP

exports[`ConfigurationVersionDataType schema (0) match fails for invalid config -> empty: empty 1`] = `
"expect(received).toMatchSchema(schema)

received
  must have required property 'MajorVersion'
    Path:     ConfigurationVersionDataType.schema.json#/required
  must have required property 'MinorVersion'
    Path:     ConfigurationVersionDataType.schema.json#/required
"
`;

exports[`ConfigurationVersionDataType schema (1) match fails for invalid config -> versions out of range: versions out of range 1`] = `
"expect(received).toMatchSchema(schema)

received
  /MajorVersion must be <= 4294967295
    Received: <number> 4294967296
    Path:     ConfigurationVersionDataType.schema.jsondataTypes/uint32.schema.json/maximum
  /MinorVersion must be >= 0
    Received: <number> -4294967295
    Path:     ConfigurationVersionDataType.schema.jsondataTypes/uint32.schema.json/minimum
"
`;
