// Jest Snapshot v1, https://goo.gl/fbAQLP

exports[`QualifiedName schema test invalid values: 0 1`] = `
"expect(received).toMatchSchema(schema)

received
  must have required property 'Name'
    Path:     QualifiedName.schema.json#/required
  must have required property 'NamespaceIndex'
    Path:     QualifiedName.schema.json#/required
  must NOT have additional properties, but found 'name'
    Expected: <boolean> false
    Path:     QualifiedName.schema.json#/additionalProperties
  must NOT have additional properties, but found 'namespaceIndex'
    Expected: <boolean> false
    Path:     QualifiedName.schema.json#/additionalProperties
"
`;

exports[`QualifiedName schema test invalid values: 1 1`] = `
"expect(received).toMatchSchema(schema)

received
  must have required property 'Name'
    Path:     QualifiedName.schema.json#/required
  must have required property 'NamespaceIndex'
    Path:     QualifiedName.schema.json#/required
  must NOT have additional properties, but found 'name'
    Expected: <boolean> false
    Path:     QualifiedName.schema.json#/additionalProperties
  must NOT have additional properties, but found 'namespaceIndex'
    Expected: <boolean> false
    Path:     QualifiedName.schema.json#/additionalProperties
"
`;

exports[`QualifiedName schema test invalid values: 2 1`] = `
"expect(received).toMatchSchema(schema)

received
  must have required property 'Name'
    Path:     QualifiedName.schema.json#/required
  must have required property 'NamespaceIndex'
    Path:     QualifiedName.schema.json#/required
  must NOT have additional properties, but found 'name'
    Expected: <boolean> false
    Path:     QualifiedName.schema.json#/additionalProperties
  must NOT have additional properties, but found 'namespaceIndex'
    Expected: <boolean> false
    Path:     QualifiedName.schema.json#/additionalProperties
"
`;

exports[`QualifiedName schema test invalid values: 3 1`] = `
"expect(received).toMatchSchema(schema)

received
  must have required property 'Name'
    Path:     QualifiedName.schema.json#/required
  must have required property 'NamespaceIndex'
    Path:     QualifiedName.schema.json#/required
  must NOT have additional properties, but found 'name'
    Expected: <boolean> false
    Path:     QualifiedName.schema.json#/additionalProperties
  must NOT have additional properties, but found 'namespaceIndex'
    Expected: <boolean> false
    Path:     QualifiedName.schema.json#/additionalProperties
"
`;
